Microchip MPLAB XC8 Compiler V2.36

Linker command line:

-W-3 --edf=C:\Program Files\Microchip\xc8\v2.36\pic\dat\en_msgs.txt -cn \
  -h+dist/default/debug\SmartEVSE2.X.debug.sym \
  --cmf=dist/default/debug\SmartEVSE2.X.debug.cmf -z -Q18F26K22 \
  -oC:\Users\Harry\AppData\Local\Temp\xcAs16o.4 --defsym=__MPLAB_BUILD=1 \
  -Mdist/default/debug/SmartEVSE2.X.debug.map \
  --md=C:\Users\Harry\AppData\Local\Temp\xcAs16o.dat -E1 -ver=XC8 Compiler \
  --acfsm=1493 -ACODE=00h-0FCFBh -ACONST=00h-0FCFBh \
  -ASMALLCONST=01000h-010FFhx236,0FC00h-0FCFBh -AMEDIUMCONST=01000h-0FCFBh \
  -ACOMRAM=01h-05Fh -AABS1=00h-0F37h -ABIGRAM=01h-0F37h \
  -ARAM=060h-0FFh,0100h-01FFhx14,0F00h-0F37h -ABANK0=060h-0FFh \
  -ABANK1=0100h-01FFh -ABANK2=0200h-02FFh -ABANK3=0300h-03FFh \
  -ABANK4=0400h-04FFh -ABANK5=0500h-05FFh -ABANK6=0600h-06FFh \
  -ABANK7=0700h-07FFh -ABANK8=0800h-08FFh -ABANK9=0900h-09FFh \
  -ABANK10=0A00h-0AFFh -ABANK11=0B00h-0BFFh -ABANK12=0C00h-0CFFh \
  -ABANK13=0D00h-0DFFh -ABANK14=0E00h-0EFFh -ABANK15=0F00h-0F37h \
  -ASFR=0F38h-0F5Fh,0F60h-0FFCh -ABIGSFR=0F38h-0FFCh \
  -ACONFIG=0300000h-030000Dh -AIDLOC=0200000h-0200007h \
  -AEEDATA=0F00000h-0F003FFh -peeprom_data=EEDATA \
  -preset_vec=00h,intcode=08h,intcodelo,powerup,init -pramtop=01000h \
  -psmallconst=SMALLCONST -pmediumconst=MEDIUMCONST -pconst=CONST \
  -AFARRAM=00h-00h \
  -prdata=COMRAM,nvrram=COMRAM,nvbit=COMRAM,rbss=COMRAM,rbit=COMRAM \
  -pfarbss=FARRAM,fardata=FARRAM,nvFARRAM=FARRAM \
  -pintsave_regs=BIGRAM,bigbss=BIGRAM,bigdata=BIGRAM -pbss=RAM \
  -pidata=CODE,irdata=CODE,ibigdata=CODE,ifardata=CODE -prparam=COMRAM \
  C:\Users\Harry\AppData\Local\Temp\xcAs16o.o \
  dist/default/debug\SmartEVSE2.X.debug.o 

Object code version is 3.11

Machine type is 18F26K22



                Name                               Link     Load   Length Selector   Space Scale
C:\Users\Harry\AppData\Local\Temp\xcAs16o.o
                idloc                            200000   200000        8        0       5
                config                           300000   300000        E        0       4
                init                                22E      22E        4        4       0
                reset_vec                             0        0        6        0       0
dist/default/debug\SmartEVSE2.X.debug.o
                intcode                               8        8      226        4       0
                idloc                            200000   200000        8        0       5
                config                           300000   300000        E        0       4
                temp                                 5B       5B        1        1       1
                mediumconst                        DE1A     DE1A     1EE2     6F0D       0
                text128                            A41A     A41A       26     4436       0
                text127                            A4CE     A4CE       22     4436       0
                text126                            A488     A488       24     4436       0
                text125                            A6CC     A6CC       10     4436       0
                text124                            917E     917E       98     4436       0
                text123                            9A36     9A36       62     4436       0
                text122                            9F18     9F18       46     4436       0
                text121                            9ED0     9ED0       48     4436       0
                text120                            A024     A024       40     4436       0
                text119                            9E3E     9E3E       4A     4436       0
                text118                            A146     A146       36     4436       0
                text117                            A3F4     A3F4       26     4436       0
                text116                            9DA8     9DA8       4C     4436       0
                text115                            9D5A     9D5A       4E     4436       0
                text114                            A3CC     A3CC       28     4436       0
                text113                            9DF4     9DF4       4A     4436       0
                text112                            9D08     9D08       52     4436       0
                text111                            9BB2     9BB2       5A     4436       0
                text110                            945E     945E       8C     4436       0
                text109                            A464     A464       24     4436       0
                text108                            956E     956E       82     4436       0
                text107                            99D0     99D0       66     4436       0
                text106                            A60C     A60C       1E     4436       0
                text105                            A6EA     A6EA        C     4436       0
                text104                            15D4     15D4      FF8        4       0
                text103                            A2FC     A2FC       2C     4436       0
                text102                            95F0     95F0       78     4436       0
                text101                            7A88     7A88      152        4       0
                text100                            A5EE     A5EE       1E     4436       0
                text99                             A6BC     A6BC       10     4436       0
                text98                             A5B0     A5B0       20     4436       0
                text97                             A68A     A68A       12     4436       0
                text96                             A6AC     A6AC       10     4436       0
                text95                             A69C     A69C       10     4436       0
                text94                             9E88     9E88       48     4436       0
                text93                             90E2     90E2       9C     4436       0
                text92                             93CE     93CE       90     4436       0
                text91                             80B4     80B4      112        4       0
                text90                             8F8C     8F8C       AC     4436       0
                text89                             A590     A590       20     4436       0
                text88                             A2A2     A2A2       2E     4436       0
                text87                             8AEE     8AEE       D0     4436       0
                text86                             82D0     82D0      106        4       0
                text85                             894A     894A       D4     4436       0
                text84                             A3A4     A3A4       28     4436       0
                text83                             A4AC     A4AC       22     4436       0
                text82                             9CB6     9CB6       52     4436       0
                text81                             9FA2     9FA2       42     4436       0
                text80                             A570     A570       20     4436       0
                text79                             A1B0     A1B0       34     4436       0
                text78                             9FE4     9FE4       40     4436       0
                text77                             9B54     9B54       5E     4436       0
                text76                             9968     9968       68     4436       0
                text75                             7BDA     7BDA      146        4       0
                text74                             A110     A110       36     4436       0
                text73                             62DE     62DE      2B4        4       0
                text72                             84DA     84DA       E8        4       0
                text71                             A352     A352       2A     4436       0
                text70                             A1E4     A1E4       32     4436       0
                text69                             A064     A064       3E     4436       0
                text68                             6012     6012      2CC        4       0
                text67                             7914     7914      174        4       0
                text66                             59E8     59E8      324        4       0
                text65                             683C     683C      2AA        4       0
                text64                             8C8C     8C8C       CC     4436       0
                text63                             A37C     A37C       28     4436       0
                text62                             A0A2     A0A2       38     4436       0
                text61                             7626     7626      17A        4       0
                text60                             3184     3184      9B0        4       0
                text59                             9900     9900       68     4436       0
                text58                             A216     A216       30     4436       0
                text57                             9C62     9C62       54     4436       0
                text56                             974E     974E       70     4436       0
                text55                             9C0C     9C0C       56     4436       0
                text54                             4EEC     4EEC      404        4       0
                text53                             5D0C     5D0C      306        4       0
                text52                             426E     426E      678        4       0
                text51                             933E     933E       90     4436       0
                text50                             A660     A660       18     4436       0
                text49                             A274     A274       2E     4436       0
                text48                             52F0     52F0      3CC        4       0
                text47                             94EA     94EA       84     4436       0
                text46                             8BBE     8BBE       CE     4436       0
                text45                             9AF6     9AF6       5E     4436       0
                text44                             25CC     25CC      BB8        4       0
                text43                             A646     A646       1A     4436       0
                text42                             A550     A550       20     4436       0
                text41                             9038     9038       AA     4436       0
                text40                             96DE     96DE       70     4436       0
                text39                             A5D0     A5D0       1E     4436       0
                text38                             9F5E     9F5E       44     4436       0
                text37                             92AA     92AA       94     4436       0
                text36                             97BE     97BE       6E     4436       0
                text35                             7E60     7E60      130        4       0
                text34                             A62A     A62A       1C     4436       0
                text33                             A0DA     A0DA       36     4436       0
                text32                             3B34     3B34      73A        4       0
                text31                             6AE6     6AE6      288        4       0
                text30                             8ED2     8ED2       BA     4436       0
                text29                             7D20     7D20      140        4       0
                text28                             81C6     81C6      10A        4       0
                text27                             886C     886C       DE     4436       0
                text26                             A530     A530       20     4436       0
                text25                             9216     9216       94     4436       0
                text24                             A510     A510       20     4436       0
                text23                             7F90     7F90      124        4       0
                text22                             A328     A328       2A     4436       0
                text21                             746C     746C      1BA        4       0
                text20                             8A1E     8A1E       D0     4436       0
                text19                             721C     721C      250        4       0
                text18                             6592     6592      2AA        4       0
                text17                             56BC     56BC      32C        4       0
                text16                             6FCA     6FCA      252        4       0
                text15                             6D6E     6D6E      25C        4       0
                text14                             48E6     48E6      606        4       0
                text13                             77A0     77A0      174        4       0
                text12                             8E16     8E16       BC     4436       0
                text11                             982C     982C       6C     4436       0
                text10                             8D58     8D58       BE     4436       0
                text9                              83D6     83D6      104        4       0
                text8                              A246     A246       2E     4436       0
                text7                              9A98     9A98       5E     4436       0
                text6                              86A8     86A8       E2        4       0
                text5                              9668     9668       76     4436       0
                text4                              A4F0     A4F0       20     4436       0
                text3                              A17C     A17C       34     4436       0
                text2                              A2D0     A2D0       2C     4436       0
                text1                              A440     A440       24     4436       0
                text0                               232      232     13A2        4       0
                cstackCOMRAM                          1        1       56        1       1
                cstackBANK0                          60       60       75       60       1
                cstackBANK1                         1CD      1CD        C      100       1
                cstackBANK4                         4B4      4B4       35      400       1
                cstackBANK5                         578      578       2E      500       1
                bssBIGRAM                           5A6      5A6      200      5A6       1
                bssBANK5                            500      500       78      500       1
                bssBANK4                            400      400       B4      400       1
                dataBANK3                           300      300       E1      300       1
                dataBANK2                           28B      28B       68      200       1
                bssBANK2                            200      200       8B      200       1
                dataBANK1                           1BB      1BB       12      100       1
                bssBANK1                            100      100       BB      100       1
                dataBANK0                            EE       EE        E       60       1
                bssBANK0                             D5       D5       19       60       1
                bssCOMRAM                            57       57        4        1       1
                cinit                              85C2     85C2       E6        4       0
                nvBANK1                             1D9      1D9        1      100       1
                idataBANK3                         878A     878A       E1        4       0
                idataBANK2                         9898     9898       68     4436       0
                idataBANK1                         A678     A678       12     4436       0
                idataBANK0                         A6DC     A6DC        E     4436       0

TOTAL           Name                               Link     Load   Length     Space
        CLASS   CODE           
                intcode                               8        8      226         0
                init                                22E      22E        4         0
                reset_vec                             0        0        6         0
                text128                            A41A     A41A       26         0
                text127                            A4CE     A4CE       22         0
                text126                            A488     A488       24         0
                text125                            A6CC     A6CC       10         0
                text124                            917E     917E       98         0
                text123                            9A36     9A36       62         0
                text122                            9F18     9F18       46         0
                text121                            9ED0     9ED0       48         0
                text120                            A024     A024       40         0
                text119                            9E3E     9E3E       4A         0
                text118                            A146     A146       36         0
                text117                            A3F4     A3F4       26         0
                text116                            9DA8     9DA8       4C         0
                text115                            9D5A     9D5A       4E         0
                text114                            A3CC     A3CC       28         0
                text113                            9DF4     9DF4       4A         0
                text112                            9D08     9D08       52         0
                text111                            9BB2     9BB2       5A         0
                text110                            945E     945E       8C         0
                text109                            A464     A464       24         0
                text108                            956E     956E       82         0
                text107                            99D0     99D0       66         0
                text106                            A60C     A60C       1E         0
                text105                            A6EA     A6EA        C         0
                text104                            15D4     15D4      FF8         0
                text103                            A2FC     A2FC       2C         0
                text102                            95F0     95F0       78         0
                text101                            7A88     7A88      152         0
                text100                            A5EE     A5EE       1E         0
                text99                             A6BC     A6BC       10         0
                text98                             A5B0     A5B0       20         0
                text97                             A68A     A68A       12         0
                text96                             A6AC     A6AC       10         0
                text95                             A69C     A69C       10         0
                text94                             9E88     9E88       48         0
                text93                             90E2     90E2       9C         0
                text92                             93CE     93CE       90         0
                text91                             80B4     80B4      112         0
                text90                             8F8C     8F8C       AC         0
                text89                             A590     A590       20         0
                text88                             A2A2     A2A2       2E         0
                text87                             8AEE     8AEE       D0         0
                text86                             82D0     82D0      106         0
                text85                             894A     894A       D4         0
                text84                             A3A4     A3A4       28         0
                text83                             A4AC     A4AC       22         0
                text82                             9CB6     9CB6       52         0
                text81                             9FA2     9FA2       42         0
                text80                             A570     A570       20         0
                text79                             A1B0     A1B0       34         0
                text78                             9FE4     9FE4       40         0
                text77                             9B54     9B54       5E         0
                text76                             9968     9968       68         0
                text75                             7BDA     7BDA      146         0
                text74                             A110     A110       36         0
                text73                             62DE     62DE      2B4         0
                text72                             84DA     84DA       E8         0
                text71                             A352     A352       2A         0
                text70                             A1E4     A1E4       32         0
                text69                             A064     A064       3E         0
                text68                             6012     6012      2CC         0
                text67                             7914     7914      174         0
                text66                             59E8     59E8      324         0
                text65                             683C     683C      2AA         0
                text64                             8C8C     8C8C       CC         0
                text63                             A37C     A37C       28         0
                text62                             A0A2     A0A2       38         0
                text61                             7626     7626      17A         0
                text60                             3184     3184      9B0         0
                text59                             9900     9900       68         0
                text58                             A216     A216       30         0
                text57                             9C62     9C62       54         0
                text56                             974E     974E       70         0
                text55                             9C0C     9C0C       56         0
                text54                             4EEC     4EEC      404         0
                text53                             5D0C     5D0C      306         0
                text52                             426E     426E      678         0
                text51                             933E     933E       90         0
                text50                             A660     A660       18         0
                text49                             A274     A274       2E         0
                text48                             52F0     52F0      3CC         0
                text47                             94EA     94EA       84         0
                text46                             8BBE     8BBE       CE         0
                text45                             9AF6     9AF6       5E         0
                text44                             25CC     25CC      BB8         0
                text43                             A646     A646       1A         0
                text42                             A550     A550       20         0
                text41                             9038     9038       AA         0
                text40                             96DE     96DE       70         0
                text39                             A5D0     A5D0       1E         0
                text38                             9F5E     9F5E       44         0
                text37                             92AA     92AA       94         0
                text36                             97BE     97BE       6E         0
                text35                             7E60     7E60      130         0
                text34                             A62A     A62A       1C         0
                text33                             A0DA     A0DA       36         0
                text32                             3B34     3B34      73A         0
                text31                             6AE6     6AE6      288         0
                text30                             8ED2     8ED2       BA         0
                text29                             7D20     7D20      140         0
                text28                             81C6     81C6      10A         0
                text27                             886C     886C       DE         0
                text26                             A530     A530       20         0
                text25                             9216     9216       94         0
                text24                             A510     A510       20         0
                text23                             7F90     7F90      124         0
                text22                             A328     A328       2A         0
                text21                             746C     746C      1BA         0
                text20                             8A1E     8A1E       D0         0
                text19                             721C     721C      250         0
                text18                             6592     6592      2AA         0
                text17                             56BC     56BC      32C         0
                text16                             6FCA     6FCA      252         0
                text15                             6D6E     6D6E      25C         0
                text14                             48E6     48E6      606         0
                text13                             77A0     77A0      174         0
                text12                             8E16     8E16       BC         0
                text11                             982C     982C       6C         0
                text10                             8D58     8D58       BE         0
                text9                              83D6     83D6      104         0
                text8                              A246     A246       2E         0
                text7                              9A98     9A98       5E         0
                text6                              86A8     86A8       E2         0
                text5                              9668     9668       76         0
                text4                              A4F0     A4F0       20         0
                text3                              A17C     A17C       34         0
                text2                              A2D0     A2D0       2C         0
                text1                              A440     A440       24         0
                text0                               232      232     13A2         0
                cinit                              85C2     85C2       E6         0
                idataBANK3                         878A     878A       E1         0
                idataBANK2                         9898     9898       68         0
                idataBANK1                         A678     A678       12         0
                idataBANK0                         A6DC     A6DC        E         0

        CLASS   CONST          

        CLASS   SMALLCONST     

        CLASS   MEDIUMCONST    
                mediumconst                        DE1A     DE1A     1EE2         0

        CLASS   COMRAM         
                temp                                 5B       5B        1         1
                cstackCOMRAM                          1        1       56         1
                bssCOMRAM                            57       57        4         1

        CLASS   ABS1           

        CLASS   BIGRAM         
                bssBIGRAM                           5A6      5A6      200         1

        CLASS   RAM            

        CLASS   BANK0          
                cstackBANK0                          60       60       75         1
                dataBANK0                            EE       EE        E         1
                bssBANK0                             D5       D5       19         1

        CLASS   BANK1          
                cstackBANK1                         1CD      1CD        C         1
                dataBANK1                           1BB      1BB       12         1
                bssBANK1                            100      100       BB         1
                nvBANK1                             1D9      1D9        1         1

        CLASS   BANK2          
                dataBANK2                           28B      28B       68         1
                bssBANK2                            200      200       8B         1

        CLASS   BANK3          
                dataBANK3                           300      300       E1         1

        CLASS   BANK4          
                cstackBANK4                         4B4      4B4       35         1
                bssBANK4                            400      400       B4         1

        CLASS   BANK5          
                cstackBANK5                         578      578       2E         1
                bssBANK5                            500      500       78         1

        CLASS   BANK6          

        CLASS   BANK7          

        CLASS   BANK8          

        CLASS   BANK9          

        CLASS   BANK10         

        CLASS   BANK11         

        CLASS   BANK12         

        CLASS   BANK13         

        CLASS   BANK14         

        CLASS   BANK15         

        CLASS   SFR            

        CLASS   BIGSFR         

        CLASS   CONFIG         
                config                           300000   300000        E         4

        CLASS   IDLOC          
                idloc                            200000   200000        8         5

        CLASS   EEDATA         

        CLASS   FARRAM         

        CLASS   HEAP           

        CLASS   STACK          



SEGMENTS        Name                           Load    Length   Top    Selector   Space  Class

                reset_vec                      000000  000006  000006         0       0  CODE    
                cstackCOMRAM                   000001  00005B  00005C         1       1  COMRAM  
                intcode                        000008  008863  00886B         4       0  CODE    
                cstackBANK0                    000060  00009C  0000FC        60       1  BANK0   
                bssBANK1                       000100  0000DA  0001DA       100       1  BANK1   
                bssBANK2                       000200  0000F3  0002F3       200       1  BANK2   
                dataBANK3                      000300  0000E1  0003E1       300       1  BANK3   
                bssBANK4                       000400  0000E9  0004E9       400       1  BANK4   
                bssBANK5                       000500  0000A6  0005A6       500       1  BANK5   
                bssBIGRAM                      0005A6  000200  0007A6       5A6       1  BIGRAM  
                text27                         00886C  001E8A  00A6F6      4436       0  CODE    
                mediumconst                    00DE1A  001EE2  00FCFC      6F0D       0  MEDIUMCO


UNUSED ADDRESS RANGES

        Name                Unused          Largest block    Delta
        BANK0            0000FC-0000FF                4
        BANK1            0001DA-0001FF               26
        BANK10           000A00-000AFF              100
        BANK11           000B00-000BFF              100
        BANK12           000C00-000CFF              100
        BANK13           000D00-000DFF              100
        BANK14           000E00-000EFF              100
        BANK15           000F00-000F37               38
        BANK2            0002F3-0002FF                D
        BANK3            0003E1-0003FF               1F
        BANK4            0004E9-0004FF               17
        BANK7            0007A6-0007FF               5A
        BANK8            000800-0008FF              100
        BANK9            000900-0009FF              100
        BIGRAM           00005C-00005F                4
                         0000FC-0000FF                4
                         0001DA-0001FF               26
                         0002F3-0002FF                D
                         0003E1-0003FF               1F
                         0004E9-0004FF               17
                         0007A6-000F37              792
        BIGSFR           000F38-000FFC               C5
        CODE             000006-000007                2
                         00886B-00886B                1
                         00A6F6-00DE19             3724
        COMRAM           00005C-00005F                4
        CONST            000006-000007                2
                         00886B-00886B                1
                         00A6F6-00DE19             3724
        EEDATA           F00000-F003FF              400
        MEDIUMCONST      00886B-00886B                1
                         00A6F6-00DE19             3724
        RAM              0000FC-0000FF                4
                         0001DA-0001FF               26
                         0002F3-0002FF                D
                         0003E1-0003FF               1F
                         0004E9-0004FF               17
                         0007A6-000F37              100
        SFR              000F38-000FFC               28
        SMALLCONST       00886B-00886B                1
                         00A6F6-00DE19              100

                                  Symbol Table

?_MenuNavInt                            cstackCOMRAM 000005
?___aldiv                               cstackCOMRAM 000011
?___awdiv                               cstackCOMRAM 00000B
?___fldiv                               cstackCOMRAM 000013
?___flmul                               cstackCOMRAM 000013
?___fltol                               cstackCOMRAM 00002C
?___lldiv                               cstackCOMRAM 000011
?___llmod                               cstackCOMRAM 000023
?___lmul                                cstackCOMRAM 000005
?___lwdiv                               cstackCOMRAM 000023
?___lwmod                               cstackCOMRAM 000023
?___wmul                                cstackCOMRAM 000005
?___xxtofl                              cstackCOMRAM 000005
?__doprnt                               cstackCOMRAM 00002C
?_abs                                   cstackCOMRAM 00001F
?_atoi                                  cstackCOMRAM 00000B
?_crc16                                 cstackCOMRAM 000005
?_getItemValue                          cstackCOMRAM 000005
?_getMenuItemOption                     cstackBANK0  000065
?_getStateName                          cstackCOMRAM 000005
?_memcmp                                cstackCOMRAM 000005
?_printf                                cstackBANK0  00006C
?_receiveEnergyMeasurement              cstackCOMRAM 00004A
?_receiveMeasurement                    cstackCOMRAM 000036
?_receivePowerMeasurement               cstackCOMRAM 00004A
?_sprintf                               cstackCOMRAM 00004E
?_strcmp                                cstackCOMRAM 000005
?_strlen                                cstackCOMRAM 000005
CalcBalancedCurrent@ActiveMax           cstackBANK0  0000BD
CalcBalancedCurrent@Average             cstackBANK0  0000B8
CalcBalancedCurrent@BalancedLeft        cstackBANK0  0000C9
CalcBalancedCurrent@Baseload            cstackBANK0  0000BF
CalcBalancedCurrent@CurrentSet          cstackBANK0  0000B0
CalcBalancedCurrent@Idifference         cstackBANK0  0000C3
CalcBalancedCurrent@IsumImport          cstackBANK0  0000C7
CalcBalancedCurrent@MaxBalanced         cstackBANK0  0000C1
CalcBalancedCurrent@TotalCurrent        cstackBANK0  0000BA
CalcBalancedCurrent@mod                 cstackBANK0  0000BC
CalcBalancedCurrent@n                   cstackBANK0  0000CB
CheckRFID@cardoffset                    bssBANK1     000167
CheckRFID@x                             cstackBANK0  00007B
DeleteAllRFID@i                         cstackCOMRAM 000056
DeleteRFID@offset                       cstackCOMRAM 000011
DeleteRFID@r                            cstackCOMRAM 000012
GLCD@Str                                cstackBANK0  0000B6
GLCD@energy_ev                          dataBANK1    0001C1
GLCD@energy_mains                       dataBANK1    0001C2
GLCD@minutes                            cstackBANK0  0000B4
GLCD@seconds                            cstackBANK0  0000C2
GLCD@x                                  cstackBANK0  0000C4
GLCDHelp@x                              cstackCOMRAM 000020
GLCDMenu@ButtonRelease                  bssBANK0     0000DB
GLCDMenu@ButtonRepeat                   bssBANK1     00014D
GLCDMenu@ButtonTimer                    bssBANK1     000131
GLCDMenu@Buttons                        cstackBANK0  0000D4
GLCDMenu@CT1                            bssBANK1     000151
GLCDMenu@MenuItemsCount                 cstackBANK0  0000D3
GLCDMenu@Str                            cstackBANK0  0000C9
GLCDMenu@value                          bssBANK1     00014F
GLCD_buffer_clr@x                       cstackCOMRAM 000005
GLCD_font_condense@c                    cstackCOMRAM 000008
GLCD_font_condense@end                  cstackCOMRAM 000006
GLCD_font_condense@space                cstackCOMRAM 000007
GLCD_font_condense@start                cstackCOMRAM 000005
GLCD_print_buf2@str                     cstackCOMRAM 00001A
GLCD_print_buf2@y                       cstackCOMRAM 00001C
GLCD_print_buf2_left@data               cstackCOMRAM 00001A
GLCD_print_buf@str                      cstackCOMRAM 000021
GLCD_print_buf@y                        cstackCOMRAM 000023
GLCD_print_menu@str                     cstackBANK0  00006C
GLCD_print_menu@y                       cstackCOMRAM 000056
GLCD_sendbuf@RowAdr                     cstackCOMRAM 00000B
GLCD_sendbuf@Rows                       cstackCOMRAM 00000A
GLCD_sendbuf@i                          cstackCOMRAM 00000F
GLCD_sendbuf@x                          cstackCOMRAM 00000C
GLCD_sendbuf@y                          cstackCOMRAM 00000E
GLCD_text_length@e                      cstackCOMRAM 00000F
GLCD_text_length@i                      cstackCOMRAM 00000E
GLCD_text_length@length                 cstackCOMRAM 00000D
GLCD_text_length@s                      cstackCOMRAM 000010
GLCD_text_length@str                    cstackCOMRAM 000009
GLCD_write_buf2@c                       cstackCOMRAM 00000B
GLCD_write_buf2@ch                      cstackCOMRAM 000012
GLCD_write_buf2@i                       cstackCOMRAM 000010
GLCD_write_buf2@m                       cstackCOMRAM 00000F
GLCD_write_buf2@z1                      cstackCOMRAM 000011
GLCD_write_buf@Options                  cstackCOMRAM 00000D
GLCD_write_buf@c                        cstackCOMRAM 00000B
GLCD_write_buf@f                        cstackCOMRAM 000011
GLCD_write_buf@i                        cstackCOMRAM 000017
GLCD_write_buf@m                        cstackCOMRAM 000016
GLCD_write_buf@merge                    cstackCOMRAM 000010
GLCD_write_buf@shift                    cstackCOMRAM 000013
GLCD_write_buf@x                        cstackCOMRAM 000014
GLCD_write_buf_str2@Options             cstackCOMRAM 000015
GLCD_write_buf_str2@i                   cstackCOMRAM 000019
GLCD_write_buf_str2@str                 cstackCOMRAM 000013
GLCD_write_buf_str@Options              cstackCOMRAM 00001B
GLCD_write_buf_str@i                    cstackCOMRAM 00001F
GLCD_write_buf_str@str                  cstackCOMRAM 000019
GLCD_write_buf_str@x                    cstackCOMRAM 000020
GLCD_write_buf_str@y                    cstackCOMRAM 000018
GetPosInMenu@count                      cstackCOMRAM 000006
GetPosInMenu@i                          cstackCOMRAM 000007
IsCurrentAvailable@ActiveEVSE           cstackCOMRAM 000015
IsCurrentAvailable@Baseload             cstackCOMRAM 00000D
IsCurrentAvailable@NodeNr               cstackCOMRAM 000011
IsCurrentAvailable@TotalCurrent         cstackCOMRAM 00000F
IsCurrentAvailable@n                    cstackCOMRAM 000014
MatchRFID@offset                        cstackCOMRAM 00000E
MatchRFID@r                             cstackCOMRAM 00000D
MenuNavCharArray@Buttons                cstackCOMRAM 000012
MenuNavCharArray@Count                  cstackCOMRAM 00000F
MenuNavCharArray@Value                  cstackCOMRAM 00000C
MenuNavCharArray@Values                 cstackCOMRAM 00000D
MenuNavCharArray@i                      cstackCOMRAM 000013
MenuNavInt@Buttons                      cstackCOMRAM 00000B
MenuNavInt@Max                          cstackCOMRAM 000009
MenuNavInt@Min                          cstackCOMRAM 000007
MenuNavInt@Value                        cstackCOMRAM 000005
ModbusDecode@buf                        cstackBANK0  00007B
ModbusDecode@len                        cstackBANK0  00007D
ModbusException@address                 cstackCOMRAM 000018
ModbusException@exception               cstackBANK0  0000A4
ModbusException@function                cstackBANK0  0000A3
ModbusException@temp                    cstackCOMRAM 000019
ModbusReadInputRequest@address          cstackCOMRAM 00001D
ModbusReadInputRequest@function         cstackBANK0  0000A8
ModbusReadInputRequest@quantity         cstackBANK0  0000AB
ModbusReadInputRequest@reg              cstackBANK0  0000A9
ModbusReadInputResponse@address         cstackCOMRAM 000018
ModbusReadInputResponse@count           cstackBANK0  0000A5
ModbusReadInputResponse@function        cstackBANK0  0000A3
ModbusReadInputResponse@values          cstackBANK0  0000A4
ModbusSend8@address                     cstackCOMRAM 000018
ModbusSend8@data                        cstackBANK0  0000A6
ModbusSend8@function                    cstackBANK0  0000A3
ModbusSend8@reg                         cstackBANK0  0000A4
ModbusSend8@values                      cstackCOMRAM 000019
ModbusSend@Tbuffer                      cstackBANK0  000060
ModbusSend@address                      cstackBANK0  00009C
ModbusSend@byte                         cstackCOMRAM 000013
ModbusSend@count                        cstackCOMRAM 000015
ModbusSend@cs                           cstackBANK0  00009D
ModbusSend@function                     cstackCOMRAM 000012
ModbusSend@i                            cstackBANK0  00009F
ModbusSend@n                            cstackBANK0  0000A1
ModbusSend@values                       cstackCOMRAM 000014
ModbusWriteMultipleRequest@Tbuffer      cstackBANK0  000060
ModbusWriteMultipleRequest@address      cstackBANK0  00009C
ModbusWriteMultipleRequest@count        cstackCOMRAM 000016
ModbusWriteMultipleRequest@cs           cstackBANK0  00009D
ModbusWriteMultipleRequest@i            cstackBANK0  00009F
ModbusWriteMultipleRequest@n            cstackBANK0  0000A1
ModbusWriteMultipleRequest@reg          cstackCOMRAM 000012
ModbusWriteMultipleRequest@values       cstackCOMRAM 000014
ModbusWriteMultipleResponse@address     cstackCOMRAM 00001D
ModbusWriteMultipleResponse@count       cstackBANK0  0000AA
ModbusWriteMultipleResponse@reg         cstackBANK0  0000A8
ModbusWriteSingleRequest@address        cstackCOMRAM 00001D
ModbusWriteSingleRequest@reg            cstackBANK0  0000A8
ModbusWriteSingleRequest@value          cstackBANK0  0000AA
ModbusWriteSingleResponse@address       cstackCOMRAM 00001D
ModbusWriteSingleResponse@reg           cstackBANK0  0000A8
ModbusWriteSingleResponse@value         cstackBANK0  0000AA
OneWireRead@bitmask                     cstackCOMRAM 000008
OneWireRead@r                           cstackCOMRAM 000007
OneWireReadBit@r                        cstackCOMRAM 000006
OneWireReadBit@savint                   cstackCOMRAM 000005
OneWireReadCardId@x                     cstackCOMRAM 00000C
OneWireReset@r                          cstackCOMRAM 000007
OneWireReset@savint                     cstackCOMRAM 000006
OneWireWrite@bitmask                    cstackCOMRAM 000008
OneWireWrite@v                          cstackCOMRAM 000007
OneWireWriteBit@savint                  cstackCOMRAM 000006
OneWireWriteBit@v                       cstackCOMRAM 000005
RS232cli@Inew                           cstackBANK0  0000BD
RS232cli@MenuItemsCount                 cstackBANK0  0000BC
RS232cli@OK                             cstackBANK0  0000BB
RS232cli@i                              cstackBANK0  0000C2
RS232cli@n                              cstackBANK0  0000BF
RS232cli@x                              cstackBANK0  0000C1
RS485SendBuf@buffer                     cstackCOMRAM 00000F
RS485SendBuf@index                      cstackCOMRAM 000011
RS485SendBuf@len                        cstackCOMRAM 000010
ReadItemValueResponse@ItemID            cstackCOMRAM 00004F
ReadItemValueResponse@i                 cstackCOMRAM 000050
ReadItemValueResponse@values            cstackCOMRAM 00001D
ResetBalancedStates@n                   cstackCOMRAM 000005
SetCurrent@DutyCycle                    cstackCOMRAM 00003A
SetCurrent@current                      cstackCOMRAM 000036
StoreRFID@F6070                         dataBANK1    0001BB
StoreRFID@empty                         cstackCOMRAM 000010
StoreRFID@offset                        cstackCOMRAM 000017
StoreRFID@r                             cstackCOMRAM 000016
Temp@temp                               cstackCOMRAM 00002A
TestIO@error                            cstackBANK0  0000C5
UpdateCurrentData@x                     cstackCOMRAM 000056
WriteItemValueResponse@ItemID           cstackBANK0  0000B5
WriteItemValueResponse@OK               cstackBANK0  0000B4
WriteMultipleItemValueResponse@ItemID   cstackBANK0  0000C0
WriteMultipleItemValueResponse@OK       cstackBANK0  0000BE
WriteMultipleItemValueResponse@i        cstackBANK0  0000C1
WriteMultipleItemValueResponse@value    cstackBANK0  0000BC
WriteRFIDlist@savint                    cstackCOMRAM 00000B
_ADCON0                                 (abs)        000FC2
_ADCON0bits                             (abs)        000FC2
_ADCON1                                 (abs)        000FC1
_ADCON2                                 (abs)        000FC0
_ADRES                                  (abs)        000FC3
_ANSELA                                 (abs)        000F38
_ANSELB                                 (abs)        000F39
_ANSELC                                 (abs)        000F3A
_Access_bit                             bssCOMRAM    000057
_ActivationMode                         bssBANK1     00016E
_BAUDCON1                               (abs)        000FB8
_BAUDCON2                               (abs)        000F70
_BacklightTimer                         bssBANK1     00017F
_Balanced                               bssBANK1     000189
_BalancedError                          bssBANK1     000111
_BalancedMax                            bssBANK2     000200
_BalancedState                          bssBANK1     000129
_BlinkLed                               text124      00917E
_BroadcastCurrent                       text34       00A62A
_ButtonState                            dataBANK1    0001C5
_CCP1CON                                (abs)        000FBD
_CCP2CON                                (abs)        000F66
_CCPR1L                                 (abs)        000FBE
_CCPR2L                                 (abs)        000F67
_CMMeasureNode                          bssBANK1     00016B
_CMMeasureTimer                         bssBANK1     00016A
_CMMeasured                             bssBANK1     000169
_CalActive                              bssBANK1     000170
_CalcBalancedCurrent                    text32       003B34
_CalcBalancedCurrent$3812               cstackBANK0  0000C5
_ChargeCurrent                          bssBANK1     000165
_ChargeDelay                            bssCOMRAM    000058
_ChargeTimer                            bssBANK1     00015B
_CheckRFID                              text101      007A88
_Config                                 bssBANK0     0000EB
_ConfigChanged                          bssBANK1     000172
_DelayedRS485SendBuf                    bssBANK1     00016D
_DeleteAllRFID                          text74       00A110
_DeleteRFID                             text119      009E3E
_DiodeCheck                             bssBANK1     00016F
_EEADR                                  (abs)        000FA9
_EEADRH                                 (abs)        000FAA
_EECON1                                 (abs)        000FA6
_EECON1bits                             (abs)        000FA6
_EECON2                                 (abs)        000FA7
_EEDATA                                 (abs)        000FA8
_EMConfig                               dataBANK3    000300
_EVMeasureNode                          dataBANK1    0001C3
_EVMeter                                bssBANK0     0000E4
_EVMeterAddress                         dataBANK0    0000F8
_EnergyCharged                          bssBANK1     00013D
_EnergyMeterStart                       bssBANK1     000139
_Error                                  bssCOMRAM    000059
_ExternalMaster                         bssBANK1     00016C
_GLCD                                   text60       003184
_GLCDHelp                               text87       008AEE
_GLCDMenu                               text52       00426E
_GLCD_buffer_clr                        text100      00A5EE
_GLCD_font_condense                     text93       0090E2
_GLCD_init                              text51       00933E
_GLCD_print_buf                         text84       00A3A4
_GLCD_print_buf2                        text83       00A4AC
_GLCD_print_buf2_left                   text89       00A590
_GLCD_print_menu                        text59       009900
_GLCD_sendbuf                           text94       009E88
_GLCD_text_length                       text92       0093CE
_GLCD_version                           text49       00A274
_GLCD_write_buf                         text86       0082D0
_GLCD_write_buf2                        text91       0080B4
_GLCD_write_buf_str                     text85       00894A
_GLCD_write_buf_str2                    text90       008F8C
_GLCDbuf                                bssBIGRAM    0005A6
_GLCDx                                  bssBANK1     000153
_GLCDy                                  bssBANK1     0001B7
_GetPosInMenu                           text58       00A216
_Grid                                   bssBANK0     0000E5
_GridActive                             bssBANK1     000171
_ICal                                   dataBANK1    0001C7
_INTCON                                 (abs)        000FF2
_INTCON2bits                            (abs)        000FF1
_INTCONbits                             (abs)        000FF2
_ISR2FLAG                               bssBANK1     000185
_ISRFLAG                                bssBANK1     000186
_ISRTXFLAG                              bssBANK1     000184
_ISRTXLEN                               bssBANK1     000183
_Imeasured                              bssBANK0     0000D7
_Imem                                   bssBANK1     0001AB
_ImportCurrent                          bssBANK1     0001B9
_Irms                                   bssBANK1     0001B1
_IsCurrentAvailable                     text19       00721C
_IsCurrentAvailable$3811                cstackCOMRAM 000012
_IsetBalanced                           bssBANK0     0000D5
_Isum                                   bssBANK1     000161
_Iuncal                                 bssBANK1     000157
_LATAbits                               (abs)        000F89
_LATBbits                               (abs)        000F8A
_LATCbits                               (abs)        000F8B
_LCDNav                                 bssBANK1     00017D
_LCDText                                bssBANK1     000168
_LCDTimer                               bssBANK1     00017E
_LCDToggle                              bssBANK0     0000DC
_LCD_Flow                               mediumconst  00EF2C
_LCDpos                                 bssBANK1     00017B
_LedCount                               bssBANK1     000177
_LedPwm                                 bssBANK1     000176
_LedTimer                               bssBANK1     000179
_LedUpdate                              bssBANK1     000178
_LoadBl                                 bssBANK0     0000EA
_Lock                                   bssBANK0     0000EC
_LockCable                              bssBANK1     000180
_MainsMeter                             dataBANK0    0000FB
_MainsMeterAddress                      dataBANK0    0000FA
_MainsMeterMeasure                      bssBANK0     0000E7
_MatchRFID                              text122      009F18
_MaxCapacity                            bssBANK0     0000D9
_MaxCircuit                             dataBANK0    0000F0
_MaxCurrent                             dataBANK0    0000F4
_MaxMains                               dataBANK0    0000F6
_MenuItems                              bssBANK2     000266
_MenuNavCharArray                       text56       00974E
_MenuNavInt                             text57       009C62
_MenuStr                                mediumconst  00DE8F
_MinCurrent                             dataBANK0    0000F2
_Modbus                                 bssBANK1     000100
_ModbusDecode                           text48       0052F0
_ModbusException                        text43       00A646
_ModbusReadInputRequest                 text8        00A246
_ModbusReadInputResponse                text42       00A550
_ModbusRequest                          bssBANK1     000175
_ModbusSend                             text72       0084DA
_ModbusSend8                            text71       00A352
_ModbusTimer                            bssBANK1     000145
_ModbusWriteMultipleRequest             text75       007BDA
_ModbusWriteMultipleResponse            text24       00A510
_ModbusWriteSingleRequest               text70       00A1E4
_ModbusWriteSingleResponse              text26       00A530
_Mode                                   bssBANK0     0000ED
_NextState                              bssBANK1     000188
_NoCurrent                              bssBANK1     00017A
_Node                                   dataBANK2    00028B
_OSCCON                                 (abs)        000FD3
_OSCCON2                                (abs)        000FD2
_OldButtonState                         dataBANK1    0001C4
_OneWireRead                            text117      00A3F4
_OneWireReadBit                         text118      00A146
_OneWireReadCardId                      text112      009D08
_OneWireReset                           text116      009DA8
_OneWireWrite                           text114      00A3CC
_OneWireWriteBit                        text115      009D5A
_OverrideCurrent                        bssBANK1     000163
_PIE1bits                               (abs)        000F9D
_PIE3bits                               (abs)        000FA3
_PIE5bits                               (abs)        000F7D
_PIR1bits                               (abs)        000F9E
_PIR3bits                               (abs)        000FA4
_PIR5bits                               (abs)        000F7E
_PMD0                                   (abs)        000F3F
_PMD1                                   (abs)        000F3E
_PMD2                                   (abs)        000F3D
_PORTA                                  (abs)        000F80
_PORTB                                  (abs)        000F81
_PORTBbits                              (abs)        000F81
_PORTC                                  (abs)        000F82
_PORTCbits                              (abs)        000F82
_PR2                                    (abs)        000FBB
_PR4                                    (abs)        000F52
_PVMeter                                bssBANK0     0000E6
_PVMeterAddress                         dataBANK0    0000F9
_PowerMeasured                          bssBANK1     000135
_ProximityPin                           text37       0092AA
_RCON                                   (abs)        000FD0
_RCONbits                               (abs)        000FD0
_RCREG1                                 (abs)        000FAE
_RCREG2                                 (abs)        000F74
_RCSTA1                                 (abs)        000FAB
_RCSTA1bits                             (abs)        000FAB
_RCSTA2                                 (abs)        000F71
_RCSTA2bits                             (abs)        000F71
_RCmon                                  bssBANK0     0000E8
_RFID                                   bssBANK1     0001A3
_RFIDReader                             bssBANK0     0000E3
_RFIDlist                               bssBANK5     000500
_RFIDstatus                             bssBANK0     0000DD
_RS232cli                               text44       0025CC
_RS485SendBuf                           text77       009B54
_RX1byte                                bssBANK0     0000E2
_ReadItemValueResponse                  text40       0096DE
_ReadPilot                              text36       0097BE
_ReadRFIDlist                           text39       00A5D0
_ResetBalancedStates                    text33       00A0DA
_SPBRG1                                 (abs)        000FAF
_SPBRG2                                 (abs)        000F75
_SPBRGH1                                (abs)        000FB0
_SPBRGH2                                (abs)        000F76
_SSP1BUF                                (abs)        000FC9
_SSP1CON1                               (abs)        000FC6
_SSP1STAT                               (abs)        000FC7
_ScrollTimer                            bssBANK1     000141
_SetCurrent                             text28       0081C6
_SolarStopTimer                         bssBANK1     000155
_StartCurrent                           dataBANK0    0000EE
_State                                  bssCOMRAM    00005A
_StopTime                               dataBANK1    0001CB
_StoreRFID                              text110      00945E
_StrDisabled                            mediumconst  00F263
_StrEnabled                             mediumconst  00F275
_StrExitMenu                            mediumconst  00F2A3
_StrFixed                               mediumconst  00F29D
_StrGrid                                mediumconst  00F245
_StrLoadBl                              mediumconst  00F186
_StrMainsAll                            mediumconst  00F2A8
_StrMainsHomeEVSE                       mediumconst  00F259
_StrMotor                               mediumconst  00F28B
_StrNormal                              mediumconst  00F27D
_StrRFIDReader                          mediumconst  00F1D7
_StrSmart                               mediumconst  00F297
_StrSocket                              mediumconst  00F284
_StrSolar                               mediumconst  00F291
_StrSolenoid                            mediumconst  00F26C
_StrStateName                           mediumconst  00F12C
_StrSwitch                              mediumconst  00F213
_SubMenu                                bssBANK1     00017C
_Switch                                 bssBANK0     0000E9
_T0CON                                  (abs)        000FD5
_T2CON                                  (abs)        000FBA
_T4CON                                  (abs)        000F51
_TABLAT                                 (abs)        000FF5
_TBLPTR                                 (abs)        000FF6
_TMR0H                                  (abs)        000FD7
_TMR0L                                  (abs)        000FD6
_TMR2                                   (abs)        000FBC
_TRISA                                  (abs)        000F92
_TRISB                                  (abs)        000F93
_TRISBbits                              (abs)        000F93
_TRISC                                  (abs)        000F94
_TXREG1                                 (abs)        000FAD
_TXREG2                                 (abs)        000F73
_TXSTA1                                 (abs)        000FAC
_TXSTA1bits                             (abs)        000FAC
_TXSTA2                                 (abs)        000F72
_Temp                                   text38       009F5E
_TempEVSE                               bssBANK0     0000DF
_TestIO                                 text35       007E60
_TestState                              bssBANK0     0000DE
_Timer                                  bssBANK1     000149
_U1TXbuffer                             bssBANK4     000400
_U1buffer                               bssBANK4     000478
_U1packet                               bssBANK4     00043C
_U2buffer                               bssBANK2     000234
_UnlockCable                            bssBANK1     000181
_UpdateCurrentData                      text27       00886C
_VREFCON0                               (abs)        000F42
_WPUB                                   (abs)        000F61
_WriteItemValueResponse                 text25       009216
_WriteMultipleItemValueResponse         text23       007F90
_WriteRFIDlist                          text120      00A024
__HRAM                                  (abs)        000000
__Habs1                                 abs1         000000
__Hbank0                                bank0        000000
__Hbank1                                bank1        000000
__Hbank10                               bank10       000000
__Hbank11                               bank11       000000
__Hbank12                               bank12       000000
__Hbank13                               bank13       000000
__Hbank14                               bank14       000000
__Hbank15                               bank15       000000
__Hbank2                                bank2        000000
__Hbank3                                bank3        000000
__Hbank4                                bank4        000000
__Hbank5                                bank5        000000
__Hbank6                                bank6        000000
__Hbank7                                bank7        000000
__Hbank8                                bank8        000000
__Hbank9                                bank9        000000
__Hbigbss                               bigbss       000000
__Hbigdata                              bigdata      000000
__Hbigram                               bigram       000000
__Hbigsfr                               bigsfr       000000
__Hbss                                  bss          000000
__HbssBANK0                             bssBANK0     000000
__HbssBANK1                             bssBANK1     000000
__HbssBANK2                             bssBANK2     000000
__HbssBANK4                             bssBANK4     000000
__HbssBANK5                             bssBANK5     000000
__HbssBIGRAM                            bssBIGRAM    000000
__HbssCOMRAM                            bssCOMRAM    000000
__Hcinit                                cinit        000000
__Hclrtext                              clrtext      000000
__Hcomram                               comram       000000
__Hconfig                               config       30000E
__Hconst                                const        000000
__HcstackBANK0                          cstackBANK0  000000
__HcstackBANK1                          cstackBANK1  000000
__HcstackBANK4                          cstackBANK4  000000
__HcstackBANK5                          cstackBANK5  000000
__HcstackCOMRAM                         cstackCOMRAM 000000
__Hdata                                 data         000000
__HdataBANK0                            dataBANK0    000000
__HdataBANK1                            dataBANK1    000000
__HdataBANK2                            dataBANK2    000000
__HdataBANK3                            dataBANK3    000000
__Heeprom_data                          eeprom_data  000000
__Hfarbss                               farbss       000000
__Hfardata                              fardata      000000
__Hheap                                 heap         000000
__Hibigdata                             ibigdata     000000
__Hidata                                idata        000000
__HidataBANK0                           idataBANK0   000000
__HidataBANK1                           idataBANK1   000000
__HidataBANK2                           idataBANK2   000000
__HidataBANK3                           idataBANK3   000000
__Hidloc                                idloc        200008
__Hifardata                             ifardata     000000
__Hinit                                 init         000232
__Hintcode                              intcode      00022E
__Hintcode_body                         intcode_body 000000
__Hintcodelo                            intcodelo    00022E
__Hintentry                             intentry     000000
__Hintret                               intret       000000
__Hintsave_regs                         intsave_regs 000000
__Hirdata                               irdata       000000
__Hmediumconst                          mediumconst  00FCFC
__HnvBANK1                              nvBANK1      000000
__HnvFARRAM                             nvFARRAM     000000
__Hnvbit                                nvbit        000000
__Hnvrram                               nvrram       000000
__Hparam                                rparam       000000
__Hpowerup                              powerup      00022E
__Hram                                  ram          000000
__Hramtop                               ramtop       001000
__Hrbit                                 rbit         000000
__Hrbss                                 rbss         000000
__Hrdata                                rdata        000000
__Hreset_vec                            reset_vec    000006
__Hrparam                               rparam       000000
__Hsfr                                  sfr          000000
__Hsmallconst                           smallconst   000000
__Hspace_0                              (abs)        00FCFC
__Hspace_1                              (abs)        0007A6
__Hspace_2                              (abs)        000000
__Hspace_4                              (abs)        60000E
__Hstack                                stack        000000
__Hstruct                               struct       000000
__Htemp                                 temp         00005C
__Htext                                 text         000000
__Htext0                                text0        000000
__Htext1                                text1        000000
__Htext10                               text10       000000
__Htext100                              text100      000000
__Htext101                              text101      000000
__Htext102                              text102      000000
__Htext103                              text103      000000
__Htext104                              text104      000000
__Htext105                              text105      000000
__Htext106                              text106      000000
__Htext107                              text107      000000
__Htext108                              text108      000000
__Htext109                              text109      000000
__Htext11                               text11       000000
__Htext110                              text110      000000
__Htext111                              text111      000000
__Htext112                              text112      000000
__Htext113                              text113      000000
__Htext114                              text114      000000
__Htext115                              text115      000000
__Htext116                              text116      000000
__Htext117                              text117      000000
__Htext118                              text118      000000
__Htext119                              text119      000000
__Htext12                               text12       000000
__Htext120                              text120      000000
__Htext121                              text121      000000
__Htext122                              text122      000000
__Htext123                              text123      000000
__Htext124                              text124      000000
__Htext125                              text125      000000
__Htext126                              text126      000000
__Htext127                              text127      000000
__Htext128                              text128      000000
__Htext13                               text13       000000
__Htext14                               text14       000000
__Htext15                               text15       000000
__Htext16                               text16       000000
__Htext17                               text17       000000
__Htext18                               text18       000000
__Htext19                               text19       000000
__Htext2                                text2        000000
__Htext20                               text20       000000
__Htext21                               text21       000000
__Htext22                               text22       000000
__Htext23                               text23       000000
__Htext24                               text24       000000
__Htext25                               text25       000000
__Htext26                               text26       000000
__Htext27                               text27       000000
__Htext28                               text28       000000
__Htext29                               text29       000000
__Htext3                                text3        000000
__Htext30                               text30       000000
__Htext31                               text31       000000
__Htext32                               text32       000000
__Htext33                               text33       000000
__Htext34                               text34       000000
__Htext35                               text35       000000
__Htext36                               text36       000000
__Htext37                               text37       000000
__Htext38                               text38       000000
__Htext39                               text39       000000
__Htext4                                text4        000000
__Htext40                               text40       000000
__Htext41                               text41       000000
__Htext42                               text42       000000
__Htext43                               text43       000000
__Htext44                               text44       000000
__Htext45                               text45       000000
__Htext46                               text46       000000
__Htext47                               text47       000000
__Htext48                               text48       000000
__Htext49                               text49       000000
__Htext5                                text5        000000
__Htext50                               text50       000000
__Htext51                               text51       000000
__Htext52                               text52       000000
__Htext53                               text53       000000
__Htext54                               text54       000000
__Htext55                               text55       000000
__Htext56                               text56       000000
__Htext57                               text57       000000
__Htext58                               text58       000000
__Htext59                               text59       000000
__Htext6                                text6        000000
__Htext60                               text60       000000
__Htext61                               text61       000000
__Htext62                               text62       000000
__Htext63                               text63       000000
__Htext64                               text64       000000
__Htext65                               text65       000000
__Htext66                               text66       000000
__Htext67                               text67       000000
__Htext68                               text68       000000
__Htext69                               text69       000000
__Htext7                                text7        000000
__Htext70                               text70       000000
__Htext71                               text71       000000
__Htext72                               text72       000000
__Htext73                               text73       000000
__Htext74                               text74       000000
__Htext75                               text75       000000
__Htext76                               text76       000000
__Htext77                               text77       000000
__Htext78                               text78       000000
__Htext79                               text79       000000
__Htext8                                text8        000000
__Htext80                               text80       000000
__Htext81                               text81       000000
__Htext82                               text82       000000
__Htext83                               text83       000000
__Htext84                               text84       000000
__Htext85                               text85       000000
__Htext86                               text86       000000
__Htext87                               text87       000000
__Htext88                               text88       000000
__Htext89                               text89       000000
__Htext9                                text9        000000
__Htext90                               text90       000000
__Htext91                               text91       000000
__Htext92                               text92       000000
__Htext93                               text93       000000
__Htext94                               text94       000000
__Htext95                               text95       000000
__Htext96                               text96       000000
__Htext97                               text97       000000
__Htext98                               text98       000000
__Htext99                               text99       000000
__LRAM                                  (abs)        000001
__Labs1                                 abs1         000000
__Lbank0                                bank0        000000
__Lbank1                                bank1        000000
__Lbank10                               bank10       000000
__Lbank11                               bank11       000000
__Lbank12                               bank12       000000
__Lbank13                               bank13       000000
__Lbank14                               bank14       000000
__Lbank15                               bank15       000000
__Lbank2                                bank2        000000
__Lbank3                                bank3        000000
__Lbank4                                bank4        000000
__Lbank5                                bank5        000000
__Lbank6                                bank6        000000
__Lbank7                                bank7        000000
__Lbank8                                bank8        000000
__Lbank9                                bank9        000000
__Lbigbss                               bigbss       000000
__Lbigdata                              bigdata      000000
__Lbigram                               bigram       000000
__Lbigsfr                               bigsfr       000000
__Lbss                                  bss          000000
__LbssBANK0                             bssBANK0     000000
__LbssBANK1                             bssBANK1     000000
__LbssBANK2                             bssBANK2     000000
__LbssBANK4                             bssBANK4     000000
__LbssBANK5                             bssBANK5     000000
__LbssBIGRAM                            bssBIGRAM    000000
__LbssCOMRAM                            bssCOMRAM    000000
__Lcinit                                cinit        000000
__Lclrtext                              clrtext      000000
__Lcomram                               comram       000000
__Lconfig                               config       000000
__Lconst                                const        000000
__LcstackBANK0                          cstackBANK0  000000
__LcstackBANK1                          cstackBANK1  000000
__LcstackBANK4                          cstackBANK4  000000
__LcstackBANK5                          cstackBANK5  000000
__LcstackCOMRAM                         cstackCOMRAM 000000
__Ldata                                 data         000000
__LdataBANK0                            dataBANK0    000000
__LdataBANK1                            dataBANK1    000000
__LdataBANK2                            dataBANK2    000000
__LdataBANK3                            dataBANK3    000000
__Leeprom_data                          eeprom_data  000000
__Lfarbss                               farbss       000000
__Lfardata                              fardata      000000
__Lheap                                 heap         000000
__Libigdata                             ibigdata     000000
__Lidata                                idata        000000
__LidataBANK0                           idataBANK0   000000
__LidataBANK1                           idataBANK1   000000
__LidataBANK2                           idataBANK2   000000
__LidataBANK3                           idataBANK3   000000
__Lidloc                                idloc        000000
__Lifardata                             ifardata     000000
__Linit                                 init         00022E
__Lintcode                              intcode      000008
__Lintcode_body                         intcode_body 000000
__Lintcodelo                            intcodelo    00022E
__Lintentry                             intentry     000000
__Lintret                               intret       000000
__Lintsave_regs                         intsave_regs 000000
__Lirdata                               irdata       000000
__Lmediumconst                          mediumconst  00DE1A
__LnvBANK1                              nvBANK1      000000
__LnvFARRAM                             nvFARRAM     000000
__Lnvbit                                nvbit        000000
__Lnvrram                               nvrram       000000
__Lparam                                rparam       000000
__Lpowerup                              powerup      00022E
__Lram                                  ram          000000
__Lramtop                               ramtop       001000
__Lrbit                                 rbit         000000
__Lrbss                                 rbss         000000
__Lrdata                                rdata        000000
[...]
getMenuItemOption@value                 cstackBANK0  00006A
getMenuItems@m                          cstackCOMRAM 000005
getStateName@StateCode                  cstackCOMRAM 000007
glcd_clear@i                            cstackCOMRAM 00000D
glcd_clrln@data                         cstackCOMRAM 00000A
glcd_clrln@i                            cstackCOMRAM 00000C
glcd_clrln@ln                           cstackCOMRAM 00000B
goto_col@pattern                        cstackCOMRAM 000007
goto_col@x                              cstackCOMRAM 000006
goto_row@pattern                        cstackCOMRAM 000007
goto_row@y                              cstackCOMRAM 000006
goto_xy@x                               cstackCOMRAM 000009
goto_xy@y                               cstackCOMRAM 000008
int$flags                               temp         00005B
intlevel0                               text         000000
intlevel1                               text         000000
intlevel2                               text         000000
intlevel3                               text         000000
isa$std                                 (abs)        000001
isa$xinst                               (abs)        000000
isdigit@c                               cstackCOMRAM 000007
main@AccessTimer                        cstackBANK5  0005A0
main@ActivationTimer                    cstackBANK5  00058D
main@Broadcast                          cstackBANK5  00057C
main@CM                                 cstackBANK5  000592
main@CMMeasurePhases                    cstackBANK5  000580
main@EnergyEV                           cstackBANK5  00058E
main@PV                                 cstackBANK5  000581
main@PollEVNode                         cstackBANK5  0005A4
main@RB2Timer                           cstackBANK5  000578
main@RB2count                           cstackBANK5  00057D
main@RB2last                            cstackBANK5  00057F
main@RB2low                             cstackBANK5  0005A1
main@ResetKwh                           cstackBANK5  00059E
main@count                              cstackBANK5  0005A2
main@leftbutton                         cstackBANK5  00057E
main@pilot                              cstackBANK5  0005A3
main@timeout                            cstackBANK5  00059F
main@x                                  cstackBANK5  0005A5
mapModbusRegister2ItemID@Count          cstackCOMRAM 000009
mapModbusRegister2ItemID@ItemStart      cstackCOMRAM 000007
mapModbusRegister2ItemID@RegisterStart  cstackCOMRAM 00000B
memcmp@n                                cstackCOMRAM 000009
memcmp@s1                               cstackCOMRAM 000005
memcmp@s2                               cstackCOMRAM 000007
memcpy@d                                cstackCOMRAM 00000C
memcpy@d1                               cstackCOMRAM 000005
memcpy@n                                cstackCOMRAM 000009
memcpy@s                                cstackCOMRAM 00000E
memcpy@s1                               cstackCOMRAM 000007
memcpy@tmp                              cstackCOMRAM 00000B
printf@ap                               cstackBANK0  000076
printf@f                                cstackBANK0  00006C
printf@pb                               cstackBANK0  000077
processAllNodeStates@NodeNr             cstackBANK0  0000D2
processAllNodeStates@current            cstackBANK0  0000D1
processAllNodeStates@values             cstackBANK0  0000CC
processAllNodeStates@write              cstackBANK0  0000D0
putch@byte                              cstackCOMRAM 000005
receiveCurrentMeasurement@Meter         cstackBANK0  0000AE
receiveCurrentMeasurement@buf           cstackBANK0  0000AC
receiveCurrentMeasurement@offset        cstackBANK0  0000B3
receiveCurrentMeasurement@scalingFactor cstackBANK0  0000B1
receiveCurrentMeasurement@var           cstackBANK0  0000AF
receiveCurrentMeasurement@x             cstackBANK0  0000B4
receiveEVCurrentMeasurement@EV          cstackBANK0  0000BC
receiveEVCurrentMeasurement@NodeNr      cstackBANK0  0000B7
receiveEVCurrentMeasurement@buf         cstackBANK0  0000B5
receiveEVCurrentMeasurement@x           cstackBANK0  0000C8
receiveEnergyMeasurement@Meter          cstackCOMRAM 00004C
receiveEnergyMeasurement@buf            cstackCOMRAM 00004A
receiveMeasurement@Count                cstackCOMRAM 000038
receiveMeasurement@Divisor              cstackCOMRAM 00003B
receiveMeasurement@Endianness           cstackCOMRAM 000039
receiveMeasurement@buf                  cstackCOMRAM 000036
receiveMeasurement@dCombined            cstackCOMRAM 000042
receiveMeasurement@dataType             cstackCOMRAM 00003A
receiveMeasurement@lCombined            cstackCOMRAM 000046
receiveNodeConfig@NodeNr                cstackBANK0  0000AE
receiveNodeConfig@buf                   cstackBANK0  0000AC
receiveNodeStatus@NodeNr                cstackCOMRAM 000007
receiveNodeStatus@buf                   cstackCOMRAM 000005
receivePowerMeasurement@Meter           cstackCOMRAM 00004C
receivePowerMeasurement@buf             cstackCOMRAM 00004A
receivePowerMeasurement@scalingFactor   cstackCOMRAM 00004E
requestCurrentMeasurement@Address       cstackBANK0  0000B1
requestCurrentMeasurement@Meter         cstackCOMRAM 000022
requestEnergyMeasurement@Address        cstackBANK0  0000B1
requestEnergyMeasurement@Meter          cstackCOMRAM 000022
requestMeasurement@Address              cstackBANK0  0000AD
requestMeasurement@Count                cstackBANK0  0000B0
requestMeasurement@Meter                cstackCOMRAM 000021
requestMeasurement@Register             cstackBANK0  0000AE
requestNodeConfig@NodeNr                cstackCOMRAM 00001E
requestNodeStatus@NodeNr                cstackCOMRAM 00001E
requestPowerMeasurement@Address         cstackBANK0  0000B1
requestPowerMeasurement@Meter           cstackCOMRAM 000022
scale8@i                                cstackCOMRAM 00000C
scale8@scale                            cstackCOMRAM 00000B
setItemValue@nav                        cstackBANK0  0000B0
setItemValue@val                        cstackBANK0  0000AE
setMode@NewMode                         cstackCOMRAM 00001E
setSolarStopTimer@Timer                 cstackBANK0  0000AC
setState@NewState                       cstackCOMRAM 000056
sprintf@ap                              cstackBANK0  000060
sprintf@f                               cstackCOMRAM 000050
sprintf@pb                              cstackBANK0  000061
sprintf@wh                              cstackCOMRAM 00004E
sprintfl@Decimal                        cstackBANK0  00006D
sprintfl@Divisor                        cstackBANK0  00006C
sprintfl@Format                         cstackBANK0  000066
sprintfl@Value                          cstackBANK0  000068
sprintfl@str                            cstackBANK0  000065
sprintfl@val                            cstackBANK0  000072
st7565_command@data                     cstackCOMRAM 000005
st7565_data@data                        cstackCOMRAM 000005
stackhi                                 (abs)        000000
stacklo                                 (abs)        000000
start                                   init         00022E
start_initialization                    cinit        0085C2
strcmp@r                                cstackCOMRAM 00000B
strcmp@s1                               cstackCOMRAM 000005
strcmp@s2                               cstackCOMRAM 000007
strlen@cp                               cstackCOMRAM 000007
strlen@s                                cstackCOMRAM 000005
triwave8@in                             cstackCOMRAM 000006
triwave8@out                            cstackCOMRAM 000005
ttemp5                                  temp         00005C
ttemp6                                  temp         00005F
ttemp7                                  temp         000063
validate_settings@i                     cstackBANK0  0000B3
validate_settings@value                 cstackBANK0  0000B1
write_settings@i                        cstackBANK4  0004E7
write_settings@savint                   cstackBANK4  0004E6
write_settings@values                   cstackBANK4  0004B4
wtemp8                                  temp         00005C


MODULE INFORMATION

Module		Function		Class		Link	Load	Size
C:\Program Files\Microchip\xc8\v2.36\pic\sources\c90\common\doprnt.c
		__doprnt       		CODE           	15D4	0000	4088

C:\Program Files\Microchip\xc8\v2.36\pic\sources\c90\common\doprnt.c estimated size: 4088

C:\Program Files\Microchip\xc8\v2.36\pic\sources\c90\common\sprintf.c
		_sprintf       		CODE           	A0A2	0000	56

C:\Program Files\Microchip\xc8\v2.36\pic\sources\c90\common\sprintf.c estimated size: 56

C:\Program Files\Microchip\xc8\v2.36\pic\sources\c90\common\lwmod.c
		___lwmod       		CODE           	9FA2	0000	66

C:\Program Files\Microchip\xc8\v2.36\pic\sources\c90\common\lwmod.c estimated size: 66

C:\Program Files\Microchip\xc8\v2.36\pic\sources\c90\common\llmod.c
		___llmod       		CODE           	99D0	0000	102

C:\Program Files\Microchip\xc8\v2.36\pic\sources\c90\common\llmod.c estimated size: 102

OneWire.c
		_OneWireReadBit		CODE           	A146	0000	54
		_ReadRFIDlist  		CODE           	A5D0	0000	30
		_DeleteRFID    		CODE           	9E3E	0000	74
		_OneWireWriteBit		CODE           	9D5A	0000	78
		_CheckRFID     		CODE           	7A88	0000	338
		_MatchRFID     		CODE           	9F18	0000	70
		_StoreRFID     		CODE           	945E	0000	140
		_DeleteAllRFID 		CODE           	A110	0000	54
		_WriteRFIDlist 		CODE           	A024	0000	64
		_OneWireReadCardId		CODE           	9D08	0000	82
		_OneWireRead   		CODE           	A3F4	0000	38
		_OneWireWrite  		CODE           	A3CC	0000	40
		_OneWireReset  		CODE           	9DA8	0000	76

OneWire.c estimated size: 1138

C:\Program Files\Microchip\xc8\v2.36\pic\sources\c90\common\memcmp.c
		_memcmp        		CODE           	9A36	0000	98

C:\Program Files\Microchip\xc8\v2.36\pic\sources\c90\common\memcmp.c estimated size: 98

C:\Program Files\Microchip\xc8\v2.36\pic\sources\c90\common\memcpy.c
		_memcpy        		CODE           	9BB2	0000	90

C:\Program Files\Microchip\xc8\v2.36\pic\sources\c90\common\memcpy.c estimated size: 90

C:\Program Files\Microchip\xc8\v2.36\pic\sources\c90\common\Umul16.c
		___wmul        		CODE           	A41A	0000	38

C:\Program Files\Microchip\xc8\v2.36\pic\sources\c90\common\Umul16.c estimated size: 38

GLCD.c
		_goto_row      		CODE           	A68A	0000	18
		_MenuNavCharArray		CODE           	974E	0000	112
		_glcd_clear    		CODE           	A660	0000	24
		_glcd_clrln    		CODE           	A570	0000	32
		_GLCD_text_length		CODE           	93CE	0000	144
		_GLCD_print_menu		CODE           	9900	0000	104
		_GLCD_print_buf2_left		CODE           	A590	0000	32
		_GLCD_write_buf		CODE           	82D0	0000	262
		_GLCD          		CODE           	3184	0000	2480
		_GLCD_write_buf2		CODE           	80B4	0000	274
		_GLCD_buffer_clr		CODE           	A5EE	0000	30
		_GLCD_init     		CODE           	933E	0000	144
		_GLCD_font_condense		CODE           	90E2	0000	156
		_GLCDHelp      		CODE           	8AEE	0000	208
		_st7565_data   		CODE           	A69C	0000	16
		_GLCD_sendbuf  		CODE           	9E88	0000	72
		_GLCD_version  		CODE           	A274	0000	46
		_GLCD_write_buf_str		CODE           	894A	0000	212
		_GLCD_print_buf		CODE           	A3A4	0000	40
		_GetPosInMenu  		CODE           	A216	0000	48
		_MenuNavInt    		CODE           	9C62	0000	84
		_goto_col      		CODE           	A5B0	0000	32
		_GLCDMenu      		CODE           	426E	0000	1656
		_st7565_command		CODE           	A6BC	0000	16
		_GLCD_write_buf_str2		CODE           	8F8C	0000	172
		_GLCD_print_buf2		CODE           	A4AC	0000	34
		_goto_xy       		CODE           	A6AC	0000	16

GLCD.c estimated size: 6464

modbus.c
		_ModbusReadInputResponse		CODE           	A550	0000	32
		_ModbusReadInputRequest		CODE           	A246	0000	46
		_combineBytes  		CODE           	6FCA	0000	594
		_receiveEnergyMeasurement		CODE           	8E16	0000	188
		_receivePowerMeasurement		CODE           	83D6	0000	260
		_receiveCurrentMeasurement		CODE           	48E6	0000	1542
		_mapModbusRegister2ItemID		CODE           	9038	0000	170
		_receiveMeasurement		CODE           	6D6E	0000	604
		_ModbusWriteMultipleRequest		CODE           	7BDA	0000	326
		_WriteMultipleItemValueResponse		CODE           	7F90	0000	292
		_ModbusDecode  		CODE           	52F0	0000	972
		_ReadItemValueResponse		CODE           	96DE	0000	112
		_ModbusWriteSingleRequest		CODE           	A1E4	0000	50
		_ModbusWriteMultipleResponse		CODE           	A510	0000	32
		_WriteItemValueResponse		CODE           	9216	0000	148
		_requestEnergyMeasurement		CODE           	9668	0000	118
		_requestPowerMeasurement		CODE           	A2D0	0000	44
		_ModbusException		CODE           	A646	0000	26
		_ModbusSend    		CODE           	84DA	0000	232
		_ModbusSend8   		CODE           	A352	0000	42
		_requestCurrentMeasurement		CODE           	86A8	0000	226
		_ModbusWriteSingleResponse		CODE           	A530	0000	32
		_requestMeasurement		CODE           	9A98	0000	94

modbus.c estimated size: 6182

C:\Program Files\Microchip\xc8\v2.36\pic\sources\c90\common\atoi.c
		_atoi          		CODE           	8BBE	0000	206

C:\Program Files\Microchip\xc8\v2.36\pic\sources\c90\common\atoi.c estimated size: 206

C:\Program Files\Microchip\xc8\v2.36\pic\sources\c90\common\lwdiv.c
		___lwdiv       		CODE           	9CB6	0000	82

C:\Program Files\Microchip\xc8\v2.36\pic\sources\c90\common\lwdiv.c estimated size: 82

C:\Program Files\Microchip\xc8\v2.36\pic\sources\c90\common\sprcmul.c
		___flmul       		CODE           	56BC	0000	812

C:\Program Files\Microchip\xc8\v2.36\pic\sources\c90\common\sprcmul.c estimated size: 812

C:\Program Files\Microchip\xc8\v2.36\pic\sources\c90\common\awdiv.c
		___awdiv       		CODE           	94EA	0000	132

C:\Program Files\Microchip\xc8\v2.36\pic\sources\c90\common\awdiv.c estimated size: 132

C:\Program Files\Microchip\xc8\v2.36\pic\sources\c90\common\fltol.c
		___fltol       		CODE           	8ED2	0000	186

C:\Program Files\Microchip\xc8\v2.36\pic\sources\c90\common\fltol.c estimated size: 186

C:\Program Files\Microchip\xc8\v2.36\pic\sources\c90\common\__lldiv.c
		___lldiv       		CODE           	956E	0000	130

C:\Program Files\Microchip\xc8\v2.36\pic\sources\c90\common\__lldiv.c estimated size: 130

C:\Program Files\Microchip\xc8\v2.36\pic\sources\c90\common\lbmod.c
		___lbmod       		CODE           	A328	0000	42

C:\Program Files\Microchip\xc8\v2.36\pic\sources\c90\common\lbmod.c estimated size: 42

C:\Program Files\Microchip\xc8\v2.36\pic\sources\c90\common\sprcdiv.c
		___fldiv       		CODE           	6AE6	0000	648

C:\Program Files\Microchip\xc8\v2.36\pic\sources\c90\common\sprcdiv.c estimated size: 648

C:\Program Files\Microchip\xc8\v2.36\pic\sources\c90\common\printf.c
		_printf        		CODE           	A2FC	0000	44

C:\Program Files\Microchip\xc8\v2.36\pic\sources\c90\common\printf.c estimated size: 44

C:\Program Files\Microchip\xc8\v2.36\pic\sources\c90\common\aldiv.c
		___aldiv       		CODE           	8C8C	0000	204

C:\Program Files\Microchip\xc8\v2.36\pic\sources\c90\common\aldiv.c estimated size: 204

bootloader.c
		_checkbootloader		CODE           	746C	0000	442

bootloader.c estimated size: 442

C:\Program Files\Microchip\xc8\v2.36\pic\sources\c90\common\abs.c
		_abs           		CODE           	A37C	0000	40

C:\Program Files\Microchip\xc8\v2.36\pic\sources\c90\common\abs.c estimated size: 40

shared
		_StrEnabled    		MEDIUMCONST    	F275	0000	8
		_StrSmart      		MEDIUMCONST    	F297	0000	6
		_StrLoadBl     		MEDIUMCONST    	F186	0000	81
		_StrFixed      		MEDIUMCONST    	F29D	0000	6
		_StrSolenoid   		MEDIUMCONST    	F26C	0000	9
		_font          		MEDIUMCONST    	ECB1	0000	635
		_StrSocket     		MEDIUMCONST    	F284	0000	7
		_dpowers       		MEDIUMCONST    	DE47	0000	40
		_StrMainsHomeEVSE		MEDIUMCONST    	F259	0000	10
		_StrMotor      		MEDIUMCONST    	F28B	0000	6
		_StrNormal     		MEDIUMCONST    	F27D	0000	7
		_MenuStr       		MEDIUMCONST    	DE8F	0000	2850
		_StrSolar      		MEDIUMCONST    	F291	0000	6
		_StrRFIDReader 		MEDIUMCONST    	F1D7	0000	60
		_StrMainsAll   		MEDIUMCONST    	F2A8	0000	4
		__initialization		CODE           	85C2	0000	216
		_octpowers     		MEDIUMCONST    	DE1B	0000	44
		_StrDisabled   		MEDIUMCONST    	F263	0000	9
		_hexpowers     		MEDIUMCONST    	DE6F	0000	32
		_StrStateName  		MEDIUMCONST    	F12C	0000	90
		_bootloader    		MEDIUMCONST    	E9B1	0000	768
		_StrExitMenu   		MEDIUMCONST    	F2A3	0000	5
		_StrSwitch     		MEDIUMCONST    	F213	0000	50
		_LCD_Flow      		MEDIUMCONST    	EF2C	0000	512
		_StrGrid       		MEDIUMCONST    	F245	0000	20

shared estimated size: 5481

C:\Program Files\Microchip\xc8\v2.36\pic\sources\c90\common\Umul32.c
		___lmul        		CODE           	9C0C	0000	86

C:\Program Files\Microchip\xc8\v2.36\pic\sources\c90\common\Umul32.c estimated size: 86

C:\Program Files\Microchip\xc8\v2.36\pic\sources\c90\common\xxtofl.c
		___xxtofl      		CODE           	7D20	0000	320

C:\Program Files\Microchip\xc8\v2.36\pic\sources\c90\common\xxtofl.c estimated size: 320

utils.c
		_delay         		CODE           	9FE4	0000	64
		_triwave8      		CODE           	A6CC	0000	16
		_crc16         		CODE           	9968	0000	104
		_scale8        		CODE           	A4CE	0000	34
		_ease8InOutQuad		CODE           	A488	0000	36
		_sprintfl      		CODE           	7626	0000	378
		_crc8          		CODE           	9DF4	0000	74

utils.c estimated size: 706

EVSE.c
		_RS485SendBuf  		CODE           	9B54	0000	94
		_getMenuItemOption		CODE           	4EEC	0000	1028
		_init          		CODE           	8A1E	0000	208
		_setMode       		CODE           	A440	0000	36
		_ReadPilot     		CODE           	97BE	0000	110
		_BlinkLed      		CODE           	917E	0000	152
		_putch         		CODE           	A6EA	0000	12
		_eeprom_write_object		CODE           	9ED0	0000	72
		_RS232cli      		CODE           	25CC	0000	3000
		_main          		CODE           	0232	0000	5026
		_ProximityPin  		CODE           	92AA	0000	148
		_requestNodeConfig		CODE           	A4F0	0000	32
		_getItemValue  		CODE           	62DE	0000	692
		_high_isr      		CODE           	0008	0000	550
		_Temp          		CODE           	9F5E	0000	68
		_setItemValue  		CODE           	6012	0000	716
		_BroadcastCurrent		CODE           	A62A	0000	28
		_eeprom_read_object		CODE           	A1B0	0000	52
		_requestNodeStatus		CODE           	A17C	0000	52
		_ResetBalancedStates		CODE           	A0DA	0000	54
		_getStateName  		CODE           	A464	0000	36
		_receiveEVCurrentMeasurement		CODE           	77A0	0000	372
		_SetCurrent    		CODE           	81C6	0000	266
		_CalcBalancedCurrent		CODE           	3B34	0000	1850
		_setState      		CODE           	95F0	0000	120
		_getMenuItems  		CODE           	5D0C	0000	774
		_write_settings		CODE           	59E8	0000	804
		_receiveNodeConfig		CODE           	982C	0000	108
		_read_settings 		CODE           	683C	0000	682
		_TestIO        		CODE           	7E60	0000	304
		_validate_settings		CODE           	7914	0000	372
		_setSolarStopTimer		CODE           	A064	0000	62
		_processAllNodeStates		CODE           	6592	0000	682
		_IsCurrentAvailable		CODE           	721C	0000	592
		_UpdateCurrentData		CODE           	886C	0000	222
		_receiveNodeStatus		CODE           	8D58	0000	190

EVSE.c estimated size: 19566

C:\Program Files\Microchip\xc8\v2.36\pic\sources\c90\common\strlen.c
		_strlen        		CODE           	A2A2	0000	46

C:\Program Files\Microchip\xc8\v2.36\pic\sources\c90\common\strlen.c estimated size: 46

C:\Program Files\Microchip\xc8\v2.36\pic\sources\c90\common\isdigit.c
		_isdigit       		CODE           	A60C	0000	30

C:\Program Files\Microchip\xc8\v2.36\pic\sources\c90\common\isdigit.c estimated size: 30

C:\Program Files\Microchip\xc8\v2.36\pic\sources\c90\common\strcmp.c
		_strcmp        		CODE           	9AF6	0000	94

C:\Program Files\Microchip\xc8\v2.36\pic\sources\c90\common\strcmp.c estimated size: 94

